// Vitest Snapshot v1, https://vitest.dev/guide/snapshot.html

exports[`BookSharingCover > should render 1`] = `
<DocumentFragment>
  <div
    class="sc-bdfCDU iUcrJN"
    data-testid="book-sharing-cover-wrapper"
  >
    <img
      class="sc-gsTDqH"
      src="/src/assets/endava-logo.png"
    />
    <h1>
      book 
      <span>
        sharing
      </span>
    </h1>
  </div>
</DocumentFragment>
`;
