// Vitest Snapshot v1, https://vitest.dev/guide/snapshot.html

exports[`ProtectedRoute > should render 1`] = `
<DocumentFragment>
  <div
    class="Toastify"
  />
</DocumentFragment>
`;
